[SPU] Write: 1f801c20 0000
[SPU] Write: 1f801c22 0000
[SPU] Write: 1f801c24 5c28
[SPU] Write: 1f801c26 0000
[SPU] Write: 1f801c28 0000
[SPU] Write: 1f801c2a 0000
[SPU] Write: 1f801d8c 0000
[SPU] Write: 1f801d8e 0000
[SPU] Write: 1f801d88 0004
[SPU] Write: 1f801d8a 0000
[SPU] Write: 1f801d98 0000
[SPU] Write: 1f801d9a 0000