[SPU] Write: 1f801d8c ffff
[SPU] Write: 1f801d8e 00ff