[SPU] Write: 1f801d80 8001
[SPU] Write: 1f801d82 8002
[SPU] Write: 1f801db0 0001
[SPU] Write: 1f801db2 0002
[SPU] Write: 1f801daa 0000
[SPU] Write: 1f801daa 0000
[SPU] Write: 1f801db4 0002
[SPU] Write: 1f801db6 0003
[SPU] Write: 1f801daa 0000
[SPU] Write: 1f801daa 0000