[SPU] Write: 1f801d88 ffff
[SPU] Write: 1f801d8a 00ff